// Jest Snapshot v1, https://goo.gl/fbAQLP

exports[`<FilterSection/> to Match snapshot 1`] = `
<section
  className="FilterSection"
>
  <button
    className="people "
    key="people"
    onClick={[Function]}
  >
    people
  </button>
  <button
    className="vehicles "
    key="vehicles"
    onClick={[Function]}
  >
    vehicles
  </button>
  <button
    className="planets "
    key="planets"
    onClick={[Function]}
  >
    planets
  </button>
  <button
    className="favorites selected"
    key="favorites"
    onClick={[Function]}
  >
    Favorites: 
    none
  </button>
</section>
`;
