// Jest Snapshot v1, https://goo.gl/fbAQLP

exports[`App <App/> should render without error 1`] = `
<div
  className="App"
>
  <ScrollingText
    film={Object {}}
  />
  <FilterSection
    currentFilter={null}
    favoriteCount={0}
    setCurrentFilter={[Function]}
  />
  <CardArea
    audio={
      Object {
        "current": null,
      }
    }
    changeNumber={[Function]}
    currentFilter={null}
    favorites={Array []}
    getData={[Function]}
    max={10}
    min={0}
    toggleFavorite={[Function]}
  />
  <audio>
    <source
      src="./beep4.mp3"
    />
  </audio>
  <img
    alt="shows deathstar in background"
    className="background"
    src="./sw_background.jpg"
  />
</div>
`;
